../Drivers/API/src/ssd1306.c:39:6:SSD1306_ScrollRight	16	static
../Drivers/API/src/ssd1306.c:52:6:SSD1306_ScrollLeft	16	static
../Drivers/API/src/ssd1306.c:65:6:SSD1306_Scrolldiagright	16	static
../Drivers/API/src/ssd1306.c:81:6:SSD1306_Scrolldiagleft	16	static
../Drivers/API/src/ssd1306.c:97:6:SSD1306_Stopscroll	8	static
../Drivers/API/src/ssd1306.c:104:6:SSD1306_InvertDisplay	16	static
../Drivers/API/src/ssd1306.c:113:6:SSD1306_DrawBitmap	32	static
../Drivers/API/src/ssd1306.c:143:9:SSD1306_Init	16	static
../Drivers/API/src/ssd1306.c:209:6:SSD1306_UpdateScreen	16	static
../Drivers/API/src/ssd1306.c:222:6:SSD1306_ToggleInvert	16	static
../Drivers/API/src/ssd1306.c:234:6:SSD1306_Fill	16	static
../Drivers/API/src/ssd1306.c:239:6:SSD1306_DrawPixel	16	static
../Drivers/API/src/ssd1306.c:261:6:SSD1306_GotoXY	16	static
../Drivers/API/src/ssd1306.c:267:6:SSD1306_Putc	32	static
../Drivers/API/src/ssd1306.c:298:6:SSD1306_Puts	24	static
../Drivers/API/src/ssd1306.c:316:6:SSD1306_Clear	8	static
../Drivers/API/src/ssd1306.c:321:6:SSD1306_ON	8	static
../Drivers/API/src/ssd1306.c:326:6:SSD1306_OFF	8	static
../Drivers/API/src/ssd1306.c:342:6:ssd1306_I2C_Init	16	static
../Drivers/API/src/ssd1306.c:354:6:ssd1306_I2C_WriteMulti	296	static
../Drivers/API/src/ssd1306.c:364:6:ssd1306_I2C_Write	32	static
