../Drivers/CMSIS/Include/core_cm4.h:2064:26:ITM_SendChar	16	static,ignoring_inline_asm
../Core/Src/main.c:138:5:main	8	static
../Core/Src/main.c:207:6:SystemClock_Config	88	static
../Core/Src/main.c:254:13:MX_ETH_Init	8	static
../Core/Src/main.c:303:13:MX_I2C1_Init	8	static
../Core/Src/main.c:351:13:MX_I2C2_Init	8	static
../Core/Src/main.c:399:13:MX_RTC_Init	32	static
../Core/Src/main.c:463:13:MX_SPI1_Init	8	static
../Core/Src/main.c:501:13:MX_TIM2_Init	32	static
../Core/Src/main.c:546:13:MX_USART3_UART_Init	8	static
../Core/Src/main.c:579:13:MX_USB_OTG_FS_PCD_Init	8	static
../Core/Src/main.c:614:13:MX_GPIO_Init	64	static
../Core/Src/main.c:717:6:mpu9250_write_reg	16	static
../Core/Src/main.c:724:6:mpu9250_read_reg	24	static
../Core/Src/main.c:733:6:HAL_TIM_PeriodElapsedCallback	16	static
../Core/Src/main.c:741:5:_write	32	static
../Core/Src/main.c:752:6:presentarHora	16	static
../Core/Src/main.c:768:6:readKeyMPrincipal	8	static
../Core/Src/main.c:787:6:keyMenuOpciones	8	static
../Core/Src/main.c:829:6:detectNumPad	8	static
../Core/Src/main.c:942:6:presentarCalculadora	16	static
../Core/Src/main.c:958:6:calculadora	112	static
../Core/Src/main.c:1140:6:reloj	96	static
../Core/Src/main.c:1243:6:menuOpciones	48	static
../Core/Src/main.c:1302:6:Error_Handler	4	static,ignoring_inline_asm
